env: load .env.local .env
env: export EXPO_PUBLIC_SUPABASE_URL EXPO_PUBLIC_SUPABASE_ANON_KEY EXPO_PUBLIC_ASSEMBLYAI_KEY GROQ_API_KEY VERCEL_OIDC_TOKEN
Starting project at C:\Users\91637\VoxiraApp
Starting Metro Bundler
warning: Bundler cache is empty, rebuilding (this may take a minute)
The following packages should be updated for best compatibility with the installed expo version:
  expo@54.0.34 - expected version: ~54.0.36
  expo-font@14.0.11 - expected version: ~14.0.12
Your project may not work correctly until you install the expected versions of the packages.
Waiting on http://localhost:8081
Logs for your project will appear below.
Web .\index.ts ░░░░░░░░░░░░░░░░  0.0% (0/1)
Web .\index.ts ░░░░░░░░░░░░░░░░  1.0% (1/1)
Web .\index.ts ▓▓▓▓▓▓▓▓▓▓▓▓▓░░░ 81.7% (47/52)
Web .\index.ts ▓▓▓▓▓▓▓▓▓▓▓▓▓░░░ 85.5% ( 67/148)
Web .\index.ts ▓▓▓▓▓▓▓▓▓▓▓▓▓░░░ 85.5% (168/357)
Web .\index.ts ▓▓▓▓▓▓▓▓▓▓▓▓▓░░░ 85.5% (252/406)
Web .\index.ts ▓▓▓▓▓▓▓▓▓▓▓▓▓░░░ 85.5% (399/618)
Web .\index.ts ▓▓▓▓▓▓▓▓▓▓▓▓▓░░░ 85.5% (651/913)
Web .\index.ts ▓▓▓▓▓▓▓▓▓▓▓▓▓░░░ 85.5% ( 910/1129)
Web .\index.ts ▓▓▓▓▓▓▓▓▓▓▓▓▓▓░░ 88.7% (1219/1294)
Web Bundled 35764ms index.ts (1498 modules)
Web .\index.ts ▓▓▓▓▓▓▓▓▓▓▓▓▓▓▓░ 99.9% (1498/1498)
 LOG  [web] Logs will appear in the browser console
