env: load .env.local .env
env: export EXPO_PUBLIC_SUPABASE_URL EXPO_PUBLIC_SUPABASE_ANON_KEY EXPO_PUBLIC_ASSEMBLYAI_KEY GROQ_API_KEY VERCEL_OIDC_TOKEN
Starting project at C:\Users\91637\VoxiraApp
Starting Metro Bundler
The following packages should be updated for best compatibility with the installed expo version:
  expo@54.0.34 - expected version: ~54.0.36
  expo-font@14.0.11 - expected version: ~14.0.12
Your project may not work correctly until you install the expected versions of the packages.
Waiting on http://localhost:8081
Logs for your project will appear below.
Web .\index.ts ░░░░░░░░░░░░░░░░  0.0% (0/1)
Web .\index.ts ▓▓▓▓▓▓▓▓░░░░░░░░ 51.0% (25/35)
Web .\index.ts ▓▓▓▓▓▓▓▓▓▓▓▓▓▓░░ 88.8% ( 58/128)
Web .\index.ts ▓▓▓▓▓▓▓▓▓▓▓▓▓▓░░ 88.8% (184/383)
Web .\index.ts ▓▓▓▓▓▓▓▓▓▓▓▓▓▓░░ 88.8% (230/395)
Web .\index.ts ▓▓▓▓▓▓▓▓▓▓▓▓▓▓░░ 88.8% (262/415)
Web .\index.ts ▓▓▓▓▓▓▓▓▓▓▓▓▓▓░░ 88.8% (530/766)
Web .\index.ts ▓▓▓▓▓▓▓▓▓▓▓▓▓▓░░ 88.8% (565/780)
Web .\index.ts ▓▓▓▓▓▓▓▓▓▓▓▓▓▓░░ 88.8% (682/926)
Web .\index.ts ▓▓▓▓▓▓▓▓▓▓▓▓▓▓░░ 88.8% (751/945)
Web .\index.ts ▓▓▓▓▓▓▓▓▓▓▓▓▓▓░░ 88.8% (1026/1160)
Web .\index.ts ▓▓▓▓▓▓▓▓▓▓▓▓▓▓░░ 92.9% (1252/1299)
Web .\index.ts ▓▓▓▓▓▓▓▓▓▓▓▓▓▓▓░ 95.2% (1373/1412)
Web .\index.ts ▓▓▓▓▓▓▓▓▓▓▓▓▓▓▓░ 95.5% (1385/1428)
Web .\index.ts ▓▓▓▓▓▓▓▓▓▓▓▓▓▓▓░ 95.5% (1395/1441)
Web Bundled 57779ms index.ts (1498 modules)
 LOG  [web] Logs will appear in the browser console
Web .\index.ts ░░░░░░░░░░░░░░░░  0.0% (0/1)
Web Bundled 169ms index.ts (1 module)
 LOG  [web] Logs will appear in the browser console
Web .\index.ts ░░░░░░░░░░░░░░░░  0.0% (0/1)
Web Bundled 93ms index.ts (1 module)
 LOG  [web] Logs will appear in the browser console
Web .\index.ts ░░░░░░░░░░░░░░░░  0.0% (0/1)
Web Bundled 77ms index.ts (1 module)
 LOG  [web] Logs will appear in the browser console
Web .\index.ts ░░░░░░░░░░░░░░░░  0.0% (0/1)
Web Bundled 254ms index.ts (1 module)
 LOG  [web] Logs will appear in the browser console
Web Bundled 75ms index.ts (1 module)
 LOG  [web] Logs will appear in the browser console
Web Bundled 83ms index.ts (1 module)
 LOG  [web] Logs will appear in the browser console
Web Bundled 71ms index.ts (1 module)
 LOG  [web] Logs will appear in the browser console
Web .\index.ts ░░░░░░░░░░░░░░░░  0.0% (0/1)
Web Bundled 73ms index.ts (1 module)
 LOG  [web] Logs will appear in the browser console
Web Bundled 64ms index.ts (1 module)
 LOG  [web] Logs will appear in the browser console
Web .\index.ts ░░░░░░░░░░░░░░░░  0.0% (0/1)
Web Bundled 88ms index.ts (1 module)
 LOG  [web] Logs will appear in the browser console
Web Bundled 64ms index.ts (1 module)
 LOG  [web] Logs will appear in the browser console
Web .\index.ts ░░░░░░░░░░░░░░░░  0.0% (0/1)
Web Bundled 84ms index.ts (1 module)
 LOG  [web] Logs will appear in the browser console
Web Bundled 62ms index.ts (1 module)
 LOG  [web] Logs will appear in the browser console
Web .\index.ts ░░░░░░░░░░░░░░░░  0.0% (0/1)
Web Bundled 80ms index.ts (1 module)
 LOG  [web] Logs will appear in the browser console
Web Bundled 60ms index.ts (1 module)
 LOG  [web] Logs will appear in the browser console
Web .\index.ts ░░░░░░░░░░░░░░░░  0.0% (0/1)
Web Bundled 80ms index.ts (1 module)
Web Bundled 95ms index.ts (1 module)
 LOG  [web] Logs will appear in the browser console
Web .\index.ts ░░░░░░░░░░░░░░░░  0.0% (0/1)
Web Bundled 90ms index.ts (1 module)
 LOG  [web] Logs will appear in the browser console
Web Bundled 74ms index.ts (1 module)
 LOG  [web] Logs will appear in the browser console
Web .\index.ts ░░░░░░░░░░░░░░░░  0.0% (0/1)
Web Bundled 72ms index.ts (1 module)
 LOG  [web] Logs will appear in the browser console
Web Bundled 60ms index.ts (1 module)
 LOG  [web] Logs will appear in the browser console
Web .\index.ts ░░░░░░░░░░░░░░░░  0.0% (0/1)
Web Bundled 78ms index.ts (1 module)
 LOG  [web] Logs will appear in the browser console
Web Bundled 70ms index.ts (1 module)
 LOG  [web] Logs will appear in the browser console
Web .\index.ts ░░░░░░░░░░░░░░░░  0.0% (0/1)
Web Bundled 83ms index.ts (1 module)
 LOG  [web] Logs will appear in the browser console
Web Bundled 63ms index.ts (1 module)
 LOG  [web] Logs will appear in the browser console
Web .\index.ts ░░░░░░░░░░░░░░░░  0.0% (0/1)
Web Bundled 68ms index.ts (1 module)
 LOG  [web] Logs will appear in the browser console
Web Bundled 69ms index.ts (1 module)
 LOG  [web] Logs will appear in the browser console
Web .\index.ts ░░░░░░░░░░░░░░░░  0.0% (0/1)
Web Bundled 86ms index.ts (1 module)
 LOG  [web] Logs will appear in the browser console
Web Bundled 65ms index.ts (1 module)
 LOG  [web] Logs will appear in the browser console
Web .\index.ts ░░░░░░░░░░░░░░░░  0.0% (0/1)
Web Bundled 73ms index.ts (1 module)
 LOG  [web] Logs will appear in the browser console
Web Bundled 67ms index.ts (1 module)
 LOG  [web] Logs will appear in the browser console
Web .\index.ts ░░░░░░░░░░░░░░░░  0.0% (0/1)
Web Bundled 85ms index.ts (1 module)
 LOG  [web] Logs will appear in the browser console
Web Bundled 66ms index.ts (1 module)
 LOG  [web] Logs will appear in the browser console
Web .\index.ts ░░░░░░░░░░░░░░░░  0.0% (0/1)
Web Bundled 75ms index.ts (1 module)
 LOG  [web] Logs will appear in the browser console
Web .\index.ts ░░░░░░░░░░░░░░░░  0.0% (0/1)
Web Bundled 68ms index.ts (1 module)
 LOG  [web] Logs will appear in the browser console
Web Bundled 61ms index.ts (1 module)
 LOG  [web] Logs will appear in the browser console
Web .\index.ts ░░░░░░░░░░░░░░░░  0.0% (0/1)
Web Bundled 65ms index.ts (1 module)
 LOG  [web] Logs will appear in the browser console
Web Bundled 61ms index.ts (1 module)
 LOG  [web] Logs will appear in the browser console
Web .\index.ts ░░░░░░░░░░░░░░░░  0.0% (0/1)
Web Bundled 70ms index.ts (1 module)
 LOG  [web] Logs will appear in the browser console
Web Bundled 57ms index.ts (1 module)
 LOG  [web] Logs will appear in the browser console
Web .\index.ts ░░░░░░░░░░░░░░░░  0.0% (0/1)
Web Bundled 73ms index.ts (1 module)
 LOG  [web] Logs will appear in the browser console
Web Bundled 61ms index.ts (1 module)
 LOG  [web] Logs will appear in the browser console
Web .\index.ts ░░░░░░░░░░░░░░░░  0.0% (0/1)
Web Bundled 67ms index.ts (1 module)
 LOG  [web] Logs will appear in the browser console
Web Bundled 61ms index.ts (1 module)
 LOG  [web] Logs will appear in the browser console
Web .\index.ts ░░░░░░░░░░░░░░░░  0.0% (0/1)
Web Bundled 82ms index.ts (1 module)
 LOG  [web] Logs will appear in the browser console
Web Bundled 64ms index.ts (1 module)
 LOG  [web] Logs will appear in the browser console
Web .\index.ts ░░░░░░░░░░░░░░░░  0.0% (0/1)
Web Bundled 63ms index.ts (1 module)
 LOG  [web] Logs will appear in the browser console
Web Bundled 59ms index.ts (1 module)
 LOG  [web] Logs will appear in the browser console
Web .\index.ts ░░░░░░░░░░░░░░░░  0.0% (0/1)
Web Bundled 76ms index.ts (1 module)
 LOG  [web] Logs will appear in the browser console
Web .\index.ts ░░░░░░░░░░░░░░░░  0.0% (0/1)
Web Bundled 62ms index.ts (1 module)
 LOG  [web] Logs will appear in the browser console
Web .\index.ts ░░░░░░░░░░░░░░░░  0.0% (0/1)
Web Bundled 83ms index.ts (1 module)
 LOG  [web] Logs will appear in the browser console
Web Bundled 67ms index.ts (1 module)
 LOG  [web] Logs will appear in the browser console
Web .\index.ts ░░░░░░░░░░░░░░░░  0.0% (0/1)
Web Bundled 81ms index.ts (1 module)
 LOG  [web] Logs will appear in the browser console
Web Bundled 63ms index.ts (1 module)
 LOG  [web] Logs will appear in the browser console
Web .\index.ts ░░░░░░░░░░░░░░░░  0.0% (0/1)
Web Bundled 72ms index.ts (1 module)
 LOG  [web] Logs will appear in the browser console
Web Bundled 66ms index.ts (1 module)
 LOG  [web] Logs will appear in the browser console
Web .\index.ts ░░░░░░░░░░░░░░░░  0.0% (0/1)
Web Bundled 77ms index.ts (1 module)
 LOG  [web] Logs will appear in the browser console
Web Bundled 79ms index.ts (1 module)
 LOG  [web] Logs will appear in the browser console
Web .\index.ts ░░░░░░░░░░░░░░░░  0.0% (0/1)
Web Bundled 70ms index.ts (1 module)
 LOG  [web] Logs will appear in the browser console
Web Bundled 59ms index.ts (1 module)
 LOG  [web] Logs will appear in the browser console
Web .\index.ts ░░░░░░░░░░░░░░░░  0.0% (0/1)
Web Bundled 67ms index.ts (1 module)
 LOG  [web] Logs will appear in the browser console
Web Bundled 59ms index.ts (1 module)
 LOG  [web] Logs will appear in the browser console
Web .\index.ts ░░░░░░░░░░░░░░░░  0.0% (0/1)
Web Bundled 73ms index.ts (1 module)
 LOG  [web] Logs will appear in the browser console
Web Bundled 59ms index.ts (1 module)
 LOG  [web] Logs will appear in the browser console
Web .\index.ts ░░░░░░░░░░░░░░░░  0.0% (0/1)
Web Bundled 67ms index.ts (1 module)
 LOG  [web] Logs will appear in the browser console
Web Bundled 61ms index.ts (1 module)
 LOG  [web] Logs will appear in the browser console
Web .\index.ts ░░░░░░░░░░░░░░░░  0.0% (0/1)
Web Bundled 67ms index.ts (1 module)
 LOG  [web] Logs will appear in the browser console
Web Bundled 53ms index.ts (1 module)
 LOG  [web] Logs will appear in the browser console
Web .\index.ts ░░░░░░░░░░░░░░░░  0.0% (0/1)
Web Bundled 65ms index.ts (1 module)
 LOG  [web] Logs will appear in the browser console
Web Bundled 104ms index.ts (1 module)
 LOG  [web] Logs will appear in the browser console
Web .\index.ts ░░░░░░░░░░░░░░░░  0.0% (0/1)
Web Bundled 84ms index.ts (1 module)
 LOG  [web] Logs will appear in the browser console
Web Bundled 58ms index.ts (1 module)
 LOG  [web] Logs will appear in the browser console
Web .\index.ts ░░░░░░░░░░░░░░░░  0.0% (0/1)
Web Bundled 77ms index.ts (1 module)
 LOG  [web] Logs will appear in the browser console
Web Bundled 54ms index.ts (1 module)
 LOG  [web] Logs will appear in the browser console
Web .\index.ts ░░░░░░░░░░░░░░░░  0.0% (0/1)
Web Bundled 61ms index.ts (1 module)
 LOG  [web] Logs will appear in the browser console
Web Bundled 66ms index.ts (1 module)
 LOG  [web] Logs will appear in the browser console
Web Bundled 55ms index.ts (1 module)
 LOG  [web] Logs will appear in the browser console
Web Bundled 60ms index.ts (1 module)
 LOG  [web] Logs will appear in the browser console
Web Bundled 97ms index.ts (1 module)
 LOG  [web] Logs will appear in the browser console
Web Bundled 71ms index.ts (1 module)
 LOG  [web] Logs will appear in the browser console
Web Bundled 59ms index.ts (1 module)
 LOG  [web] Logs will appear in the browser console
Web .\index.ts ░░░░░░░░░░░░░░░░  0.0% (0/1)
Web Bundled 64ms index.ts (1 module)
 LOG  [web] Logs will appear in the browser console
Web Bundled 61ms index.ts (1 module)
 LOG  [web] Logs will appear in the browser console
Web Bundled 61ms index.ts (1 module)
 LOG  [web] Logs will appear in the browser console
Web Bundled 62ms index.ts (1 module)
 LOG  [web] Logs will appear in the browser console
Web .\index.ts ░░░░░░░░░░░░░░░░  0.0% (0/1)
Web Bundled 71ms index.ts (1 module)
 LOG  [web] Logs will appear in the browser console
Web Bundled 64ms index.ts (1 module)
 LOG  [web] Logs will appear in the browser console
Web .\index.ts ░░░░░░░░░░░░░░░░  0.0% (0/1)
Web Bundled 70ms index.ts (1 module)
 LOG  [web] Logs will appear in the browser console
Web Bundled 62ms index.ts (1 module)
 LOG  [web] Logs will appear in the browser console
Web .\index.ts ░░░░░░░░░░░░░░░░  0.0% (0/1)
Web Bundled 64ms index.ts (1 module)
 LOG  [web] Logs will appear in the browser console
Web Bundled 57ms index.ts (1 module)
 LOG  [web] Logs will appear in the browser console
Web .\index.ts ░░░░░░░░░░░░░░░░  0.0% (0/1)
Web Bundled 70ms index.ts (1 module)
 LOG  [web] Logs will appear in the browser console
Web Bundled 64ms index.ts (1 module)
 LOG  [web] Logs will appear in the browser console
Web .\index.ts ░░░░░░░░░░░░░░░░  0.0% (0/1)
Web Bundled 66ms index.ts (1 module)
 LOG  [web] Logs will appear in the browser console
Web Bundled 57ms index.ts (1 module)
 LOG  [web] Logs will appear in the browser console
Web .\index.ts ░░░░░░░░░░░░░░░░  0.0% (0/1)
Web Bundled 77ms index.ts (1 module)
 LOG  [web] Logs will appear in the browser console
Web Bundled 61ms index.ts (1 module)
 LOG  [web] Logs will appear in the browser console
Web .\index.ts ░░░░░░░░░░░░░░░░  0.0% (0/1)
Web Bundled 70ms index.ts (1 module)
 LOG  [web] Logs will appear in the browser console
Web Bundled 57ms index.ts (1 module)
 LOG  [web] Logs will appear in the browser console
Web .\index.ts ░░░░░░░░░░░░░░░░  0.0% (0/1)
Web Bundled 67ms index.ts (1 module)
 LOG  [web] Logs will appear in the browser console
Web Bundled 60ms index.ts (1 module)
 LOG  [web] Logs will appear in the browser console
Web .\index.ts ░░░░░░░░░░░░░░░░  0.0% (0/1)
Web Bundled 76ms index.ts (1 module)
 LOG  [web] Logs will appear in the browser console
Web Bundled 68ms index.ts (1 module)
 LOG  [web] Logs will appear in the browser console
Web Bundled 64ms index.ts (1 module)
 LOG  [web] Logs will appear in the browser console
Web Bundled 60ms index.ts (1 module)
 LOG  [web] Logs will appear in the browser console
Web Bundled 62ms index.ts (1 module)
 LOG  [web] Logs will appear in the browser console
Web Bundled 60ms index.ts (1 module)
 LOG  [web] Logs will appear in the browser console
Web .\index.ts ░░░░░░░░░░░░░░░░  0.0% (0/1)
Web Bundled 67ms index.ts (1 module)
 LOG  [web] Logs will appear in the browser console
Web Bundled 54ms index.ts (1 module)
 LOG  [web] Logs will appear in the browser console
Web Bundled 66ms index.ts (1 module)
 LOG  [web] Logs will appear in the browser console
Web Bundled 60ms index.ts (1 module)
 LOG  [web] Logs will appear in the browser console
Web .\index.ts ░░░░░░░░░░░░░░░░  0.0% (0/1)
Web Bundled 73ms index.ts (1 module)
 LOG  [web] Logs will appear in the browser console
Web Bundled 59ms index.ts (1 module)
 LOG  [web] Logs will appear in the browser console
Web .\index.ts ░░░░░░░░░░░░░░░░  0.0% (0/1)
Web Bundled 60ms index.ts (1 module)
 LOG  [web] Logs will appear in the browser console
Web Bundled 60ms index.ts (1 module)
 LOG  [web] Logs will appear in the browser console
Web .\index.ts ░░░░░░░░░░░░░░░░  0.0% (0/1)
Web Bundled 79ms index.ts (1 module)
 LOG  [web] Logs will appear in the browser console
Web Bundled 77ms index.ts (1 module)
 LOG  [web] Logs will appear in the browser console
Web .\index.ts ░░░░░░░░░░░░░░░░  0.0% (0/1)
Web Bundled 58ms index.ts (1 module)
 LOG  [web] Logs will appear in the browser console
Web Bundled 60ms index.ts (1 module)
 LOG  [web] Logs will appear in the browser console
Web .\index.ts ░░░░░░░░░░░░░░░░  0.0% (0/1)
Web Bundled 64ms index.ts (1 module)
 LOG  [web] Logs will appear in the browser console
Web Bundled 59ms index.ts (1 module)
 LOG  [web] Logs will appear in the browser console
Web .\index.ts ░░░░░░░░░░░░░░░░  0.0% (0/1)
Web Bundled 70ms index.ts (1 module)
 LOG  [web] Logs will appear in the browser console
Web Bundled 57ms index.ts (1 module)
 LOG  [web] Logs will appear in the browser console
Web .\index.ts ░░░░░░░░░░░░░░░░  0.0% (0/1)
Web Bundled 61ms index.ts (1 module)
 LOG  [web] Logs will appear in the browser console
Web Bundled 64ms index.ts (1 module)
 LOG  [web] Logs will appear in the browser console
Web .\index.ts ░░░░░░░░░░░░░░░░  0.0% (0/1)
Web Bundled 63ms index.ts (1 module)
 LOG  [web] Logs will appear in the browser console
Web Bundled 57ms index.ts (1 module)
 LOG  [web] Logs will appear in the browser console
Web .\index.ts ░░░░░░░░░░░░░░░░  0.0% (0/1)
Web Bundled 65ms index.ts (1 module)
 LOG  [web] Logs will appear in the browser console
Web Bundled 53ms index.ts (1 module)
 LOG  [web] Logs will appear in the browser console
Web .\index.ts ░░░░░░░░░░░░░░░░  0.0% (0/1)
Web Bundled 62ms index.ts (1 module)
Web Bundled 79ms index.ts (1 module)
 LOG  [web] Logs will appear in the browser console
Web .\index.ts ░░░░░░░░░░░░░░░░  0.0% (0/1)
Web Bundled 78ms index.ts (1 module)
 LOG  [web] Logs will appear in the browser console
Web .\index.ts ░░░░░░░░░░░░░░░░  0.0% (0/1)
Web Bundled 76ms index.ts (1 module)
 LOG  [web] Logs will appear in the browser console
Web Bundled 60ms index.ts (1 module)
 LOG  [web] Logs will appear in the browser console
Web .\index.ts ░░░░░░░░░░░░░░░░  0.0% (0/1)
Web Bundled 75ms index.ts (1 module)
 LOG  [web] Logs will appear in the browser console
Web Bundled 68ms index.ts (1 module)
 LOG  [web] Logs will appear in the browser console
Web .\index.ts ░░░░░░░░░░░░░░░░  0.0% (0/1)
Web Bundled 76ms index.ts (1 module)
 LOG  [web] Logs will appear in the browser console
Web Bundled 60ms index.ts (1 module)
 LOG  [web] Logs will appear in the browser console
Web .\index.ts ░░░░░░░░░░░░░░░░  0.0% (0/1)
Web Bundled 65ms index.ts (1 module)
 LOG  [web] Logs will appear in the browser console
Web Bundled 65ms index.ts (1 module)
 LOG  [web] Logs will appear in the browser console
Web .\index.ts ░░░░░░░░░░░░░░░░  0.0% (0/1)
Web Bundled 76ms index.ts (1 module)
 LOG  [web] Logs will appear in the browser console
Web Bundled 53ms index.ts (1 module)
 LOG  [web] Logs will appear in the browser console
Web .\index.ts ░░░░░░░░░░░░░░░░  0.0% (0/1)
Web Bundled 62ms index.ts (1 module)
 LOG  [web] Logs will appear in the browser console
Web Bundled 60ms index.ts (1 module)
 LOG  [web] Logs will appear in the browser console
Web .\index.ts ░░░░░░░░░░░░░░░░  0.0% (0/1)
Web Bundled 61ms index.ts (1 module)
 LOG  [web] Logs will appear in the browser console
Web Bundled 53ms index.ts (1 module)
 LOG  [web] Logs will appear in the browser console
Web .\index.ts ░░░░░░░░░░░░░░░░  0.0% (0/1)
Web Bundled 65ms index.ts (1 module)
 LOG  [web] Logs will appear in the browser console
Web .\index.ts ░░░░░░░░░░░░░░░░  0.0% (0/1)
Web Bundled 78ms index.ts (1 module)
 LOG  [web] Logs will appear in the browser console
Web .\index.ts ░░░░░░░░░░░░░░░░  0.0% (0/1)
Web Bundled 73ms index.ts (1 module)
 LOG  [web] Logs will appear in the browser console
Web Bundled 63ms index.ts (1 module)
 LOG  [web] Logs will appear in the browser console
Web Bundled 69ms index.ts (1 module)
 LOG  [web] Logs will appear in the browser console
Web Bundled 58ms index.ts (1 module)
 LOG  [web] Logs will appear in the browser console
Web Bundled 61ms index.ts (1 module)
 LOG  [web] Logs will appear in the browser console
Web Bundled 71ms index.ts (1 module)
 LOG  [web] Logs will appear in the browser console
Web .\index.ts ░░░░░░░░░░░░░░░░  0.0% (0/1)
Web Bundled 62ms index.ts (1 module)
 LOG  [web] Logs will appear in the browser console
Web Bundled 60ms index.ts (1 module)
 LOG  [web] Logs will appear in the browser console
Web Bundled 70ms index.ts (1 module)
 LOG  [web] Logs will appear in the browser console
Web Bundled 68ms index.ts (1 module)
 LOG  [web] Logs will appear in the browser console
Web .\index.ts ░░░░░░░░░░░░░░░░  0.0% (0/1)
Web Bundled 66ms index.ts (1 module)
 LOG  [web] Logs will appear in the browser console
Web Bundled 56ms index.ts (1 module)
 LOG  [web] Logs will appear in the browser console
Web .\index.ts ░░░░░░░░░░░░░░░░  0.0% (0/1)
Web Bundled 67ms index.ts (1 module)
 LOG  [web] Logs will appear in the browser console
Web Bundled 60ms index.ts (1 module)
 LOG  [web] Logs will appear in the browser console
Web .\index.ts ░░░░░░░░░░░░░░░░  0.0% (0/1)
Web Bundled 62ms index.ts (1 module)
 LOG  [web] Logs will appear in the browser console
Web Bundled 59ms index.ts (1 module)
 LOG  [web] Logs will appear in the browser console
Web .\index.ts ░░░░░░░░░░░░░░░░  0.0% (0/1)
Web Bundled 66ms index.ts (1 module)
 LOG  [web] Logs will appear in the browser console
Web Bundled 58ms index.ts (1 module)
 LOG  [web] Logs will appear in the browser console
Web .\index.ts ░░░░░░░░░░░░░░░░  0.0% (0/1)
Web Bundled 65ms index.ts (1 module)
 LOG  [web] Logs will appear in the browser console
Web Bundled 56ms index.ts (1 module)
 LOG  [web] Logs will appear in the browser console
Web .\index.ts ░░░░░░░░░░░░░░░░  0.0% (0/1)
Web Bundled 70ms index.ts (1 module)
 LOG  [web] Logs will appear in the browser console
Web Bundled 53ms index.ts (1 module)
 LOG  [web] Logs will appear in the browser console
Web .\index.ts ░░░░░░░░░░░░░░░░  0.0% (0/1)
Web Bundled 65ms index.ts (1 module)
 LOG  [web] Logs will appear in the browser console
Web Bundled 55ms index.ts (1 module)
 LOG  [web] Logs will appear in the browser console
Web .\index.ts ░░░░░░░░░░░░░░░░  0.0% (0/1)
Web Bundled 64ms index.ts (1 module)
 LOG  [web] Logs will appear in the browser console
Web Bundled 60ms index.ts (1 module)
 LOG  [web] Logs will appear in the browser console
Web .\index.ts ░░░░░░░░░░░░░░░░  0.0% (0/1)
Web Bundled 95ms index.ts (1 module)
 LOG  [web] Logs will appear in the browser console
Web Bundled 59ms index.ts (1 module)
 LOG  [web] Logs will appear in the browser console
Web .\index.ts ░░░░░░░░░░░░░░░░  0.0% (0/1)
Web Bundled 66ms index.ts (1 module)
 LOG  [web] Logs will appear in the browser console
Web Bundled 59ms index.ts (1 module)
 LOG  [web] Logs will appear in the browser console
Web .\index.ts ░░░░░░░░░░░░░░░░  0.0% (0/1)
Web Bundled 66ms index.ts (1 module)
 LOG  [web] Logs will appear in the browser console
Web .\index.ts ░░░░░░░░░░░░░░░░  0.0% (0/1)
Web Bundled 64ms index.ts (1 module)
 LOG  [web] Logs will appear in the browser console
Web Bundled 52ms index.ts (1 module)
 LOG  [web] Logs will appear in the browser console
Web .\index.ts ░░░░░░░░░░░░░░░░  0.0% (0/1)
Web Bundled 63ms index.ts (1 module)
 LOG  [web] Logs will appear in the browser console
Web Bundled 62ms index.ts (1 module)
 LOG  [web] Logs will appear in the browser console
Web .\index.ts ░░░░░░░░░░░░░░░░  0.0% (0/1)
Web Bundled 93ms index.ts (1 module)
 LOG  [web] Logs will appear in the browser console
Web Bundled 58ms index.ts (1 module)
 LOG  [web] Logs will appear in the browser console
Web .\index.ts ░░░░░░░░░░░░░░░░  0.0% (0/1)
Web Bundled 89ms index.ts (1 module)
 LOG  [web] Logs will appear in the browser console
Web Bundled 67ms index.ts (1 module)
 LOG  [web] Logs will appear in the browser console
Web .\index.ts ░░░░░░░░░░░░░░░░  0.0% (0/1)
Web Bundled 95ms index.ts (1 module)
 LOG  [web] Logs will appear in the browser console
Web Bundled 62ms index.ts (1 module)
 LOG  [web] Logs will appear in the browser console
Web .\index.ts ░░░░░░░░░░░░░░░░  0.0% (0/1)
Web Bundled 72ms index.ts (1 module)
 LOG  [web] Logs will appear in the browser console
Web Bundled 70ms index.ts (1 module)
 LOG  [web] Logs will appear in the browser console
Web .\index.ts ░░░░░░░░░░░░░░░░  0.0% (0/1)
Web Bundled 82ms index.ts (1 module)
 LOG  [web] Logs will appear in the browser console
Web Bundled 67ms index.ts (1 module)
 LOG  [web] Logs will appear in the browser console
Web .\index.ts ░░░░░░░░░░░░░░░░  0.0% (0/1)
Web Bundled 83ms index.ts (1 module)
 LOG  [web] Logs will appear in the browser console
Web .\index.ts ░░░░░░░░░░░░░░░░  0.0% (0/1)
Web Bundled 68ms index.ts (1 module)
 LOG  [web] Logs will appear in the browser console
Web .\index.ts ░░░░░░░░░░░░░░░░  0.0% (0/1)
Web Bundled 74ms index.ts (1 module)
 LOG  [web] Logs will appear in the browser console
Web Bundled 63ms index.ts (1 module)
 LOG  [web] Logs will appear in the browser console
Web .\index.ts ░░░░░░░░░░░░░░░░  0.0% (0/1)
Web Bundled 64ms index.ts (1 module)
 LOG  [web] Logs will appear in the browser console
Web Bundled 75ms index.ts (1 module)
 LOG  [web] Logs will appear in the browser console
Web .\index.ts ░░░░░░░░░░░░░░░░  0.0% (0/1)
Web Bundled 62ms index.ts (1 module)
 LOG  [web] Logs will appear in the browser console
Web Bundled 62ms index.ts (1 module)
 LOG  [web] Logs will appear in the browser console
Web .\index.ts ░░░░░░░░░░░░░░░░  0.0% (0/1)
Web Bundled 71ms index.ts (1 module)
 LOG  [web] Logs will appear in the browser console
Web .\index.ts ░░░░░░░░░░░░░░░░  0.0% (0/1)
Web Bundled 87ms index.ts (1 module)
 LOG  [web] Logs will appear in the browser console
Web Bundled 59ms index.ts (1 module)
 LOG  [web] Logs will appear in the browser console
Web .\index.ts ░░░░░░░░░░░░░░░░  0.0% (0/1)
Web Bundled 76ms index.ts (1 module)
 LOG  [web] Logs will appear in the browser console
Web Bundled 58ms index.ts (1 module)
 LOG  [web] Logs will appear in the browser console
Web .\index.ts ░░░░░░░░░░░░░░░░  0.0% (0/1)
Web Bundled 87ms index.ts (1 module)
 LOG  [web] Logs will appear in the browser console
Web Bundled 57ms index.ts (1 module)
 LOG  [web] Logs will appear in the browser console
Web .\index.ts ░░░░░░░░░░░░░░░░  0.0% (0/1)
Web Bundled 70ms index.ts (1 module)
 LOG  [web] Logs will appear in the browser console
Web Bundled 62ms index.ts (1 module)
 LOG  [web] Logs will appear in the browser console
Web Bundled 62ms index.ts (1 module)
 LOG  [web] Logs will appear in the browser console
Web Bundled 55ms index.ts (1 module)
 LOG  [web] Logs will appear in the browser console
Web Bundled 64ms index.ts (1 module)
 LOG  [web] Logs will appear in the browser console
Web Bundled 55ms index.ts (1 module)
 LOG  [web] Logs will appear in the browser console
Web .\index.ts ░░░░░░░░░░░░░░░░  0.0% (0/1)
Web Bundled 69ms index.ts (1 module)
 LOG  [web] Logs will appear in the browser console
Web Bundled 55ms index.ts (1 module)
 LOG  [web] Logs will appear in the browser console
Web Bundled 63ms index.ts (1 module)
 LOG  [web] Logs will appear in the browser console
Web Bundled 51ms index.ts (1 module)
 LOG  [web] Logs will appear in the browser console
Web .\index.ts ░░░░░░░░░░░░░░░░  0.0% (0/1)
Web Bundled 78ms index.ts (1 module)
 LOG  [web] Logs will appear in the browser console
Web Bundled 56ms index.ts (1 module)
 LOG  [web] Logs will appear in the browser console
Web .\index.ts ░░░░░░░░░░░░░░░░  0.0% (0/1)
Web Bundled 67ms index.ts (1 module)
 LOG  [web] Logs will appear in the browser console
Web Bundled 59ms index.ts (1 module)
 LOG  [web] Logs will appear in the browser console
Web .\index.ts ░░░░░░░░░░░░░░░░  0.0% (0/1)
Web Bundled 61ms index.ts (1 module)
 LOG  [web] Logs will appear in the browser console
Web Bundled 61ms index.ts (1 module)
 LOG  [web] Logs will appear in the browser console
Web .\index.ts ░░░░░░░░░░░░░░░░  0.0% (0/1)
Web Bundled 62ms index.ts (1 module)
 LOG  [web] Logs will appear in the browser console
Web Bundled 58ms index.ts (1 module)
 LOG  [web] Logs will appear in the browser console
Web .\index.ts ░░░░░░░░░░░░░░░░  0.0% (0/1)
Web Bundled 62ms index.ts (1 module)
 LOG  [web] Logs will appear in the browser console
Web Bundled 55ms index.ts (1 module)
 LOG  [web] Logs will appear in the browser console
Web .\index.ts ░░░░░░░░░░░░░░░░  0.0% (0/1)
Web Bundled 61ms index.ts (1 module)
 LOG  [web] Logs will appear in the browser console
Web Bundled 55ms index.ts (1 module)
 LOG  [web] Logs will appear in the browser console
Web .\index.ts ░░░░░░░░░░░░░░░░  0.0% (0/1)
Web Bundled 62ms index.ts (1 module)
 LOG  [web] Logs will appear in the browser console
Web Bundled 53ms index.ts (1 module)
 LOG  [web] Logs will appear in the browser console
Web .\index.ts ░░░░░░░░░░░░░░░░  0.0% (0/1)
Web Bundled 65ms index.ts (1 module)
 LOG  [web] Logs will appear in the browser console
Web Bundled 52ms index.ts (1 module)
 LOG  [web] Logs will appear in the browser console
Web .\index.ts ░░░░░░░░░░░░░░░░  0.0% (0/1)
Web Bundled 60ms index.ts (1 module)
 LOG  [web] Logs will appear in the browser console
Web Bundled 54ms index.ts (1 module)
 LOG  [web] Logs will appear in the browser console
Web .\index.ts ░░░░░░░░░░░░░░░░  0.0% (0/1)
Web Bundled 64ms index.ts (1 module)
 LOG  [web] Logs will appear in the browser console
Web Bundled 58ms index.ts (1 module)
 LOG  [web] Logs will appear in the browser console
Web .\index.ts ░░░░░░░░░░░░░░░░  0.0% (0/1)
Web Bundled 65ms index.ts (1 module)
 LOG  [web] Logs will appear in the browser console
Web .\index.ts ░░░░░░░░░░░░░░░░  0.0% (0/1)
Web Bundled 59ms index.ts (1 module)
 LOG  [web] Logs will appear in the browser console
Web Bundled 58ms index.ts (1 module)
 LOG  [web] Logs will appear in the browser console
Web .\index.ts ░░░░░░░░░░░░░░░░  0.0% (0/1)
Web Bundled 57ms index.ts (1 module)
 LOG  [web] Logs will appear in the browser console
Web Bundled 54ms index.ts (1 module)
 LOG  [web] Logs will appear in the browser console
Web .\index.ts ░░░░░░░░░░░░░░░░  0.0% (0/1)
Web Bundled 68ms index.ts (1 module)
 LOG  [web] Logs will appear in the browser console
Web Bundled 58ms index.ts (1 module)
 LOG  [web] Logs will appear in the browser console
Web .\index.ts ░░░░░░░░░░░░░░░░  0.0% (0/1)
Web Bundled 66ms index.ts (1 module)
 LOG  [web] Logs will appear in the browser console
Web Bundled 62ms index.ts (1 module)
 LOG  [web] Logs will appear in the browser console
Web .\index.ts ░░░░░░░░░░░░░░░░  0.0% (0/1)
Web Bundled 72ms index.ts (1 module)
 LOG  [web] Logs will appear in the browser console
Web Bundled 62ms index.ts (1 module)
 LOG  [web] Logs will appear in the browser console
Web .\index.ts ░░░░░░░░░░░░░░░░  0.0% (0/1)
Web Bundled 64ms index.ts (1 module)
 LOG  [web] Logs will appear in the browser console
Web Bundled 58ms index.ts (1 module)
 LOG  [web] Logs will appear in the browser console
Web .\index.ts ░░░░░░░░░░░░░░░░  0.0% (0/1)
Web Bundled 68ms index.ts (1 module)
 LOG  [web] Logs will appear in the browser console
Web Bundled 63ms index.ts (1 module)
 LOG  [web] Logs will appear in the browser console
Web .\index.ts ░░░░░░░░░░░░░░░░  0.0% (0/1)
Web Bundled 69ms index.ts (1 module)
 LOG  [web] Logs will appear in the browser console
Web .\index.ts ░░░░░░░░░░░░░░░░  0.0% (0/1)
Web Bundled 78ms index.ts (1 module)
 LOG  [web] Logs will appear in the browser console
