env: load .env.local .env
env: export EXPO_PUBLIC_SUPABASE_URL EXPO_PUBLIC_SUPABASE_ANON_KEY EXPO_PUBLIC_ASSEMBLYAI_KEY GROQ_API_KEY VERCEL_OIDC_TOKEN
Starting project at C:\Users\91637\VoxiraApp
Starting Metro Bundler
warning: Bundler cache is empty, rebuilding (this may take a minute)
The following packages should be updated for best compatibility with the installed expo version:
  expo@54.0.34 - expected version: ~54.0.36
  expo-font@14.0.11 - expected version: ~14.0.12
Your project may not work correctly until you install the expected versions of the packages.
Waiting on http://localhost:8081
Logs for your project will appear below.
Web .\index.ts ░░░░░░░░░░░░░░░░  0.0% (0/1)
Web .\index.ts ▓▓▓▓▓▓▓▓▓▓▓▓▓░░░ 81.7% (47/52)
Web .\index.ts ▓▓▓▓▓▓▓▓▓▓▓▓▓░░░ 85.2% (109/254)
Web .\index.ts ▓▓▓▓▓▓▓▓▓▓▓▓▓░░░ 85.2% (192/386)
Web .\index.ts ▓▓▓▓▓▓▓▓▓▓▓▓▓░░░ 85.2% (425/645)
Web .\index.ts ▓▓▓▓▓▓▓▓▓▓▓▓▓░░░ 85.2% ( 890/1125)
Web .\index.ts ▓▓▓▓▓▓▓▓▓▓▓▓▓▓░░ 89.9% (1223/1290)
Web .\index.ts ▓▓▓▓▓▓▓▓▓▓▓▓▓▓▓░ 99.9% (1498/1498)
Web Bundled 27369ms index.ts (1498 modules)
 LOG  [web] Logs will appear in the browser console
Web .\index.ts ░░░░░░░░░░░░░░░░  0.0% (0/1)
Web Bundled 85ms index.ts (1 module)
 LOG  [web] Logs will appear in the browser console
Web .\index.ts ░░░░░░░░░░░░░░░░  0.0% (0/1)
Web Bundled 124ms index.ts (1 module)
 LOG  [web] Logs will appear in the browser console
Web .\index.ts ░░░░░░░░░░░░░░░░  0.0% (0/1)
Web Bundled 324ms index.ts (1 module)
 LOG  [web] Logs will appear in the browser console
